Starting project at /app
Starting Metro Bundler
Waiting on http://localhost:8081
Logs for your project will appear below.
Web node_modules/expo-router/entry.js ░░░░░░░░░░░░░░░░  0.0% (0/1)
Web node_modules/expo-router/entry.js ▓▓▓▓▓░░░░░░░░░░░ 31.6% ( 82/184)
λ node_modules/expo-router/node/render.js ▓░░░░░░░░░░░░░░░  9.8% ( 48/153)
Web node_modules/expo-router/entry.js ▓▓▓▓▓▓▓░░░░░░░░░ 48.1% (242/386)
λ node_modules/expo-router/node/render.js ▓▓▓▓▓▓░░░░░░░░░░ 39.8% (308/488)
Web node_modules/expo-router/entry.js ▓▓▓▓▓▓▓▓░░░░░░░░ 54.7% (380/532)
λ node_modules/expo-router/node/render.js ▓▓▓▓▓▓▓▓▓▓░░░░░░ 67.6% (574/706)
Web node_modules/expo-router/entry.js ▓▓▓▓▓▓▓▓▓▓░░░░░░ 63.9% (596/794)
λ node_modules/expo-router/node/render.js ▓▓▓▓▓▓▓▓▓▓▓▓░░░░ 76.9% (771/879)
Web node_modules/expo-router/entry.js ▓▓▓▓▓▓▓▓▓▓▓▓▓░░░ 81.9% (849/938)
λ node_modules/expo-router/node/render.js ▓▓▓▓▓▓▓▓▓▓▓▓▓▓░░ 90.9% ( 957/1019)
λ Bundled 20907ms node_modules/expo-router/node/render.js (1151 modules)
Web node_modules/expo-router/entry.js ▓▓▓▓▓▓▓▓▓▓▓▓▓▓▓░ 99.9% (1197/1197)
λ  WARN  props.pointerEvents is deprecated. Use style.pointerEvents
Web Bundled 24296ms node_modules/expo-router/entry.js (1197 modules)
Web node_modules/expo-router/entry.js ░░░░░░░░░░░░░░░░  2.2% (13/87)
Web node_modules/expo-router/entry.js ▓▓▓▓▓▓▓▓░░░░░░░░ 53.4% (560/766)
Web node_modules/expo-router/entry.js ▓▓▓▓▓▓▓▓▓▓▓▓▓▓▓░ 93.8% (1132/1169)
Web Bundled 7646ms node_modules/expo-router/entry.js (1199 modules)
Web node_modules/expo-router/entry.js ░░░░░░░░░░░░░░░░  0.0% (0/1)
λ  WARN  props.pointerEvents is deprecated. Use style.pointerEvents
λ Bundled 46ms node_modules/expo-router/node/render.js (1 module)
Web Bundled 395ms node_modules/expo-router/entry.js (1 module)
Web Bundled 58ms node_modules/expo-router/entry.js (1 module)
 LOG  [web] Logs will appear in the browser console
Web node_modules/expo-router/entry.js ░░░░░░░░░░░░░░░░  0.0% (0/1)
λ Bundled 63ms node_modules/expo-router/node/render.js (1 module)
λ  WARN  props.pointerEvents is deprecated. Use style.pointerEvents
Web Bundled 633ms node_modules/expo-router/entry.js (1 module)
Web Bundled 62ms node_modules/expo-router/entry.js (1 module)
 LOG  [web] Logs will appear in the browser console
Web node_modules/expo-router/entry.js ░░░░░░░░░░░░░░░░  0.0% (0/1)
λ Bundled 40ms node_modules/expo-router/node/render.js (1 module)
λ  WARN  props.pointerEvents is deprecated. Use style.pointerEvents
Web Bundled 400ms node_modules/expo-router/entry.js (1 module)
Web Bundled 68ms node_modules/expo-router/entry.js (1 module)
 LOG  [web] Logs will appear in the browser console
Web node_modules/expo-router/entry.js ░░░░░░░░░░░░░░░░  0.0% (0/1)
λ Bundled 50ms node_modules/expo-router/node/render.js (1 module)
λ  WARN  props.pointerEvents is deprecated. Use style.pointerEvents
Web Bundled 497ms node_modules/expo-router/entry.js (1 module)
Web Bundled 62ms node_modules/expo-router/entry.js (1 module)
 LOG  [web] Logs will appear in the browser console
