
> tuner@1.0.0 web
> expo start --web

Starting project at /app
Starting Metro Bundler
Waiting on http://localhost:8081
Logs for your project will appear below.
Web node_modules/expo-router/entry.js ░░░░░░░░░░░░░░░░  0.0% (0/1)
Web node_modules/expo-router/entry.js ▓▓▓▓░░░░░░░░░░░░ 27.4% ( 27/110)
λ node_modules/expo-router/node/render.js ▓▓░░░░░░░░░░░░░░ 16.3% (123/305)
Web node_modules/expo-router/entry.js ▓▓▓▓▓▓▓░░░░░░░░░ 46.9% (207/344)
λ node_modules/expo-router/node/render.js ▓▓▓▓▓▓▓▓░░░░░░░░ 55.4% (401/546)
Web node_modules/expo-router/entry.js ▓▓▓▓▓▓▓░░░░░░░░░ 46.9% (337/498)
λ node_modules/expo-router/node/render.js ▓▓▓▓▓▓▓▓▓▓░░░░░░ 63.9% (571/748)
Web node_modules/expo-router/entry.js ▓▓▓▓▓▓▓▓▓▓░░░░░░ 64.0% (589/738)
λ node_modules/expo-router/node/render.js ▓▓▓▓▓▓▓▓▓▓▓▓░░░░ 77.1% (785/894)
Web node_modules/expo-router/entry.js ▓▓▓▓▓▓▓▓▓▓▓▓░░░░ 76.7% (830/948)
λ node_modules/expo-router/node/render.js ▓▓▓▓▓▓▓▓▓▓▓▓▓▓░░ 90.7% (931/997)
Web node_modules/expo-router/entry.js ▓▓▓▓▓▓▓▓▓▓▓▓▓▓▓░ 95.5% (1164/1191)
λ node_modules/expo-router/node/render.js ▓▓▓▓▓▓▓▓▓▓▓▓▓▓▓░ 96.1% (1135/1158)
λ Bundled 21488ms node_modules/expo-router/node/render.js (1158 modules)
Web Bundled 23014ms node_modules/expo-router/entry.js (1217 modules)
Web node_modules/expo-router/entry.js ▓▓▓▓▓░░░░░░░░░░░ 33.3% (228/417)
Web node_modules/expo-router/entry.js ▓▓▓▓▓▓▓▓▓▓▓░░░░░ 71.1% (711/843)
Web node_modules/expo-router/entry.js ▓▓▓▓▓▓▓▓▓▓▓▓▓▓▓░ 98.7% (1210/1218)
Web Bundled 8703ms node_modules/expo-router/entry.js (1219 modules)
 LOG  [web] Logs will appear in the browser console
Web node_modules/expo-router/entry.js ░░░░░░░░░░░░░░░░  0.0% (0/1)
λ Bundled 54ms node_modules/expo-router/node/render.js (1 module)
Web Bundled 520ms node_modules/expo-router/entry.js (1 module)
Web Bundled 57ms node_modules/expo-router/entry.js (1 module)
 LOG  [web] Logs will appear in the browser console
